// Jest Snapshot v1, https://goo.gl/fbAQLP

exports[`snapshot required props 1`] = `

<div class="Editor_-canvasWrap-1">
  [Canvas][ActiveTool]
</div>
[Toolbar]

`;
