// Jest Snapshot v1, https://goo.gl/fbAQLP

exports[`snapshot required props 1`] = `
<div>
  <Editor
    ActiveTool={[Function]}
    Canvas={[Function]}
    Toolbar={[Function]}
  />
</div>
`;
