// Jest Snapshot v1, https://goo.gl/fbAQLP

exports[`snapshot changed image: after 1`] = `<canvas />`;

exports[`snapshot changed image: before 1`] = `<canvas />`;

exports[`snapshot required props 1`] = `<canvas />`;
