// Jest Snapshot v1, https://goo.gl/fbAQLP

exports[`snapshot 1`] = `

<div>
  <div class="MuiPaper-root MuiPaper-elevation1 MuiPaper-rounded"
       style="top: 102px; left: 101px;"
  >
    <button class="MuiButtonBase-root MuiButton-root undefined drag-button MuiButton-text"
            tabindex="0"
            type="button"
    >
      <span class="MuiButton-label">
        <svg class="MuiSvgIcon-root"
             focusable="false"
             viewbox="0 0 24 24"
             aria-hidden="true"
             role="presentation"
        >
          <path fill="none"
                d="M0 0h24v24H0V0z"
          >
          </path>
          <path d="M11 18c0 1.1-.9 2-2 2s-2-.9-2-2 .9-2 2-2 2 .9 2 2zm-2-8c-1.1 0-2 .9-2 2s.9 2 2 2 2-.9 2-2-.9-2-2-2zm0-6c-1.1 0-2 .9-2 2s.9 2 2 2 2-.9 2-2-.9-2-2-2zm6 4c1.1 0 2-.9 2-2s-.9-2-2-2-2 .9-2 2 .9 2 2 2zm0 2c-1.1 0-2 .9-2 2s.9 2 2 2 2-.9 2-2-.9-2-2-2zm0 6c-1.1 0-2 .9-2 2s.9 2 2 2 2-.9 2-2-.9-2-2-2z">
          </path>
        </svg>
      </span>
    </button>
    <button class="MuiButtonBase-root MuiButton-root MuiButton-text"
            tabindex="0"
            type="button"
    >
      <span class="MuiButton-label">
        <svg class="MuiSvgIcon-root"
             focusable="false"
             viewbox="0 0 24 24"
             aria-hidden="true"
             role="presentation"
        >
          <path fill="none"
                d="M0 0h24v24H0z"
          >
          </path>
          <path d="M7 14c-1.66 0-3 1.34-3 3 0 1.31-1.16 2-2 2 .92 1.22 2.49 2 4 2 2.21 0 4-1.79 4-4 0-1.66-1.34-3-3-3zm13.71-9.37l-1.34-1.34a.9959.9959 0 0 0-1.41 0L9 12.25 11.75 15l8.96-8.96c.39-.39.39-1.02 0-1.41z">
          </path>
        </svg>
      </span>
      <span class="MuiTouchRipple-root">
      </span>
    </button>
  </div>
</div>

`;
